// Jest Snapshot v1, https://goo.gl/fbAQLP

exports[`renders correctly home 1`] = `<h5 />`;
