// Jest Snapshot v1, https://goo.gl/fbAQLP

exports[`renders correctly 1`] = `
<div
  className="App"
  data-testid="table"
>
  <div
    className="MuiPaper-root MuiTableContainer-root MuiPaper-elevation1 MuiPaper-rounded"
    data-testid="table"
  >
    <table
      aria-label="simple table"
      className="MuiTable-root"
      role={null}
    >
      <thead
        className="MuiTableHead-root"
        role={null}
      >
        <tr
          className="MuiTableRow-root MuiTableRow-head"
          role={null}
        >
          <th
            aria-sort={null}
            className="MuiTableCell-root MuiTableCell-head makeStyles-topHeaders-1"
            scope="col"
          >
            Name
          </th>
          <th
            aria-sort={null}
            className="MuiTableCell-root MuiTableCell-head makeStyles-topHeaders-1 MuiTableCell-alignLeft"
            scope="col"
          >
            Address of city
          </th>
          <th
            aria-sort={null}
            className="MuiTableCell-root MuiTableCell-head makeStyles-topHeaders-1 MuiTableCell-alignLeft"
            scope="col"
          >
            Address street
          </th>
          <th
            aria-sort={null}
            className="MuiTableCell-root MuiTableCell-head makeStyles-topHeaders-1 MuiTableCell-alignLeft"
            scope="col"
          >
            Email
          </th>
          <th
            aria-sort={null}
            className="MuiTableCell-root MuiTableCell-head makeStyles-topHeaders-1 MuiTableCell-alignLeft"
            scope="col"
          >
            Phone
          </th>
          <th
            aria-sort={null}
            className="MuiTableCell-root MuiTableCell-head makeStyles-topHeaders-1 MuiTableCell-alignLeft"
            scope="col"
          >
            Company Name
          </th>
          <th
            aria-sort={null}
            className="MuiTableCell-root MuiTableCell-head makeStyles-topHeaders-1 MuiTableCell-alignLeft"
            scope="col"
          >
            Website
          </th>
          <th
            aria-sort={null}
            className="MuiTableCell-root MuiTableCell-head makeStyles-topHeaders-1 MuiTableCell-alignLeft"
            scope="col"
          >
            Phrase
          </th>
        </tr>
      </thead>
      <p
        className="makeStyles-testLoading-5"
      >
         Loading... 
      </p>
    </table>
  </div>
</div>
`;

exports[`renders correctly users 1`] = `
<div
  className="App"
  data-testid="table"
>
  <div
    className="MuiPaper-root MuiTableContainer-root MuiPaper-elevation1 MuiPaper-rounded"
    data-testid="table"
  >
    <table
      aria-label="simple table"
      className="MuiTable-root"
      role={null}
    >
      <thead
        className="MuiTableHead-root"
        role={null}
      >
        <tr
          className="MuiTableRow-root MuiTableRow-head"
          role={null}
        >
          <th
            aria-sort={null}
            className="MuiTableCell-root MuiTableCell-head makeStyles-topHeaders-1"
            scope="col"
          >
            Name
          </th>
          <th
            aria-sort={null}
            className="MuiTableCell-root MuiTableCell-head makeStyles-topHeaders-1 MuiTableCell-alignLeft"
            scope="col"
          >
            Address of city
          </th>
          <th
            aria-sort={null}
            className="MuiTableCell-root MuiTableCell-head makeStyles-topHeaders-1 MuiTableCell-alignLeft"
            scope="col"
          >
            Address street
          </th>
          <th
            aria-sort={null}
            className="MuiTableCell-root MuiTableCell-head makeStyles-topHeaders-1 MuiTableCell-alignLeft"
            scope="col"
          >
            Email
          </th>
          <th
            aria-sort={null}
            className="MuiTableCell-root MuiTableCell-head makeStyles-topHeaders-1 MuiTableCell-alignLeft"
            scope="col"
          >
            Phone
          </th>
          <th
            aria-sort={null}
            className="MuiTableCell-root MuiTableCell-head makeStyles-topHeaders-1 MuiTableCell-alignLeft"
            scope="col"
          >
            Company Name
          </th>
          <th
            aria-sort={null}
            className="MuiTableCell-root MuiTableCell-head makeStyles-topHeaders-1 MuiTableCell-alignLeft"
            scope="col"
          >
            Website
          </th>
          <th
            aria-sort={null}
            className="MuiTableCell-root MuiTableCell-head makeStyles-topHeaders-1 MuiTableCell-alignLeft"
            scope="col"
          >
            Phrase
          </th>
        </tr>
      </thead>
      <p
        className="makeStyles-testLoading-5"
      >
         Loading... 
      </p>
    </table>
  </div>
</div>
`;
